tcpdump: verbose output suppressed, use -v[v]... for full protocol decode
listening on tmm-client, link-type EN10MB (Ethernet), snapshot length 65535 bytes
14:55:46.204459 c2:82:ea:d9:18:b5 > ee:e0:f1:ca:42:0e, ethertype IPv4 (0x0800), length 103: 11.11.11.114.43876 > 11.11.11.99.18090: Flags [S], seq 376763958, win 32120, options [mss 1460,sackOK,TS val 407844334 ecr 0,nop,wscale 7], length 0 in slot1/tmm0 lis= port=1.1 trunk=
14:55:46.204505 c2:82:ea:d9:18:b5 > ee:e0:f1:ca:42:0e, ethertype IPv4 (0x0800), length 103: 11.11.11.114.43882 > 11.11.11.99.18090: Flags [S], seq 231168809, win 32120, options [mss 1460,sackOK,TS val 407844334 ecr 0,nop,wscale 7], length 0 in slot1/tmm0 lis= port=1.1 trunk=
14:55:46.204511 c2:82:ea:d9:18:b5 > ee:e0:f1:ca:42:0e, ethertype IPv4 (0x0800), length 103: 11.11.11.114.43880 > 11.11.11.99.18090: Flags [S], seq 1275076662, win 32120, options [mss 1460,sackOK,TS val 407844334 ecr 0,nop,wscale 7], length 0 in slot1/tmm0 lis= port=1.1 trunk=
14:55:46.204544 ee:e0:f1:ca:42:0e > c2:82:ea:d9:18:b5, ethertype IPv4 (0x0800), length 121: 11.11.11.99.18090 > 11.11.11.114.43876: Flags [S.], seq 3478353999, ack 376763959, win 23360, options [mss 1460,nop,wscale 0,sackOK,TS val 3555351068 ecr 407844334], length 0 out slot1/tmm0 lis=default-ai-traffic port=1.1 trunk=
14:55:46.204560 ee:e0:f1:ca:42:0e > c2:82:ea:d9:18:b5, ethertype IPv4 (0x0800), length 121: 11.11.11.99.18090 > 11.11.11.114.43882: Flags [S.], seq 1369075056, ack 231168810, win 23360, options [mss 1460,nop,wscale 0,sackOK,TS val 3555351068 ecr 407844334], length 0 out slot1/tmm0 lis=default-ai-traffic port=1.1 trunk=
14:55:46.204567 ee:e0:f1:ca:42:0e > c2:82:ea:d9:18:b5, ethertype IPv4 (0x0800), length 121: 11.11.11.99.18090 > 11.11.11.114.43880: Flags [S.], seq 2530787567, ack 1275076663, win 23360, options [mss 1460,nop,wscale 0,sackOK,TS val 3555351068 ecr 407844334], length 0 out slot1/tmm0 lis=default-ai-traffic port=1.1 trunk=
14:55:46.205598 c2:82:ea:d9:18:b5 > ee:e0:f1:ca:42:0e, ethertype IPv4 (0x0800), length 113: 11.11.11.114.43876 > 11.11.11.99.18090: Flags [.], ack 1, win 251, options [nop,nop,TS val 407844336 ecr 3555351068], length 0 in slot1/tmm0 lis=default-ai-traffic port=1.1 trunk=
14:55:46.205613 c2:82:ea:d9:18:b5 > ee:e0:f1:ca:42:0e, ethertype IPv4 (0x0800), length 113: 11.11.11.114.43882 > 11.11.11.99.18090: Flags [.], ack 1, win 251, options [nop,nop,TS val 407844336 ecr 3555351068], length 0 in slot1/tmm0 lis=default-ai-traffic port=1.1 trunk=
14:55:46.205618 c2:82:ea:d9:18:b5 > ee:e0:f1:ca:42:0e, ethertype IPv4 (0x0800), length 113: 11.11.11.114.43880 > 11.11.11.99.18090: Flags [.], ack 1, win 251, options [nop,nop,TS val 407844336 ecr 3555351068], length 0 in slot1/tmm0 lis=default-ai-traffic port=1.1 trunk=
14:55:46.205623 c2:82:ea:d9:18:b5 > ee:e0:f1:ca:42:0e, ethertype IPv4 (0x0800), length 388: 11.11.11.114.43876 > 11.11.11.99.18090: Flags [P.], seq 1:276, ack 1, win 251, options [nop,nop,TS val 407844336 ecr 3555351068], length 275 in slot1/tmm0 lis=default-ai-traffic port=1.1 trunk=
14:55:46.205628 c2:82:ea:d9:18:b5 > ee:e0:f1:ca:42:0e, ethertype IPv4 (0x0800), length 388: 11.11.11.114.43882 > 11.11.11.99.18090: Flags [P.], seq 1:276, ack 1, win 251, options [nop,nop,TS val 407844336 ecr 3555351068], length 275 in slot1/tmm0 lis=default-ai-traffic port=1.1 trunk=
14:55:46.205634 c2:82:ea:d9:18:b5 > ee:e0:f1:ca:42:0e, ethertype IPv4 (0x0800), length 388: 11.11.11.114.43880 > 11.11.11.99.18090: Flags [P.], seq 1:276, ack 1, win 251, options [nop,nop,TS val 407844336 ecr 3555351068], length 275 in slot1/tmm0 lis=default-ai-traffic port=1.1 trunk=
14:55:46.205639 c2:82:ea:d9:18:b5 > ee:e0:f1:ca:42:0e, ethertype IPv4 (0x0800), length 269: 11.11.11.114.43876 > 11.11.11.99.18090: Flags [P.], seq 276:432, ack 1, win 251, options [nop,nop,TS val 407844336 ecr 3555351068], length 156 in slot1/tmm0 lis=default-ai-traffic port=1.1 trunk=
14:55:46.205747 ee:e0:f1:ca:42:0e > c2:82:ea:d9:18:b5, ethertype IPv4 (0x0800), length 113: 11.11.11.99.18090 > 11.11.11.114.43876: Flags [.], ack 276, win 23635, options [nop,nop,TS val 3555351069 ecr 407844336], length 0 out slot1/tmm0 lis=default-ai-traffic port=1.1 trunk=
14:55:46.205769 ee:e0:f1:ca:42:0e > c2:82:ea:d9:18:b5, ethertype20 packets captured
20 packets received by filter
0 packets dropped by kernel
 IPv4 (0x0800), length 113: 11.11.11.99.18090 > 11.11.11.114.43882: Flags [.], ack 276, win 23635, options [nop,nop,TS val 3555351069 ecr 407844336], length 0 out slot1/tmm0 lis=default-ai-traffic port=1.1 trunk=
14:55:46.205779 ee:e0:f1:ca:42:0e > c2:82:ea:d9:18:b5, ethertype IPv4 (0x0800), length 113: 11.11.11.99.18090 > 11.11.11.114.43880: Flags [.], ack 276, win 23635, options [nop,nop,TS val 3555351069 ecr 407844336], length 0 out slot1/tmm0 lis=default-ai-traffic port=1.1 trunk=
14:55:46.205787 ee:e0:f1:ca:42:0e > c2:82:ea:d9:18:b5, ethertype IPv4 (0x0800), length 113: 11.11.11.99.18090 > 11.11.11.114.43876: Flags [.], ack 432, win 23791, options [nop,nop,TS val 3555351069 ecr 407844336], length 0 out slot1/tmm0 lis=default-ai-traffic port=1.1 trunk=
14:55:46.206682 c2:82:ea:d9:18:b5 > ee:e0:f1:ca:42:0e, ethertype IPv4 (0x0800), length 269: 11.11.11.114.43882 > 11.11.11.99.18090: Flags [P.], seq 276:432, ack 1, win 251, options [nop,nop,TS val 407844336 ecr 3555351068], length 156 in slot1/tmm0 lis=default-ai-traffic port=1.1 trunk=
14:55:46.206696 c2:82:ea:d9:18:b5 > ee:e0:f1:ca:42:0e, ethertype IPv4 (0x0800), length 269: 11.11.11.114.43880 > 11.11.11.99.18090: Flags [P.], seq 276:432, ack 1, win 251, options [nop,nop,TS val 407844336 ecr 3555351068], length 156 in slot1/tmm0 lis=default-ai-traffic port=1.1 trunk=
14:55:46.206724 ee:e0:f1:ca:42:0e > c2:82:ea:d9:18:b5, ethertype IPv4 (0x0800), length 113: 11.11.11.99.18090 > 11.11.11.114.43882: Flags [.], ack 432, win 23791, options [nop,nop,TS val 3555351070 ecr 407844336], length 0 out slot1/tmm0 lis=default-ai-traffic port=1.1 trunk=
