  readelf: /usr/lib/llvm-18/bin/llvm-readelf --sections
  clang    : Ubuntu clang version 18.1.3 (1ubuntu1)
  prevail  : /home/starin/eob-tmm-staged/ebpf-verifier/bin/prevail
  out      : /home/starin/lstools/shields

  relocate : sign-time, against /home/starin/lstools/tmm.btf (6712122 bytes)
  objcopy  : llvm-objcopy-18

  target   : tmm_10.207-3.HEAD.b13f8f034e_amd64.deb (build range + exit-admit read from it)
  bound fentry/ssl_alpn_match -> 0x101f900 (+4 pad), full build c3b81927dfdcc31137cd8212b5e23bb85677a06c
  Run PREVAIL on these final bytes, then sign.
  verified alpn_generic  (fentry/ssl_alpn_match)  budget ~1012 cycles  reloc 0  SIGNED
  bound fentry/dtls_tx -> 0x1021a40 (+4 pad), full build c3b81927dfdcc31137cd8212b5e23bb85677a06c
  Run PREVAIL on these final bytes, then sign.
  verified dtls_txguard  (fentry/dtls_tx)  budget ~66 cycles  reloc 0  SIGNED
  bound fentry/dtls_tx -> 0x1021a40 (+4 pad), full build c3b81927dfdcc31137cd8212b5e23bb85677a06c
  Run PREVAIL on these final bytes, then sign.
  verified dtls_txguard_demo  (fentry/dtls_tx)  budget ~66 cycles  reloc 0  SIGNED
  bound fentry/http_parse_client_headers -> 0xccc600 (+4 pad), full build c3b81927dfdcc31137cd8212b5e23bb85677a06c
  Run PREVAIL on these final bytes, then sign.
  verified evidence_demo  (fentry/http_parse_client_headers)  budget ~26 cycles  reloc 1  SIGNED
  bound fentry/rst_why -> 0x1448b80 (+4 pad), full build c3b81927dfdcc31137cd8212b5e23bb85677a06c
  Run PREVAIL on these final bytes, then sign.
  verified generic_probe  (fentry/rst_why)  budget ~96 cycles  reloc 0  SIGNED
  bound fentry/http2_http_data_to_frames -> 0xcef580 (+0 pad), full build c3b81927dfdcc31137cd8212b5e23bb85677a06c
  Run PREVAIL on these final bytes, then sign.
  verified h2_trailer_guard  (fentry/http2_http_data_to_frames)  budget ~74 cycles  reloc 2  SIGNED
  refused  reject_memory  (fentry/reject_memory)  --- as intended
  bound fentry/ssl_alpn_match -> 0x101f900 (+4 pad), full build c3b81927dfdcc31137cd8212b5e23bb85677a06c
  Run PREVAIL on these final bytes, then sign.
  verified debug_field  (fentry/ssl_alpn_match)  budget ~29 cycles  reloc 1  SIGNED
exit-admit: http_parse_client_headers
  #5 return type : enum {ERR_OK, ERR_MEM, ERR_BUF, ERR_VAL, ERR_ARG, ERR_BOUNDS, ERR_TOOBIG, ERR_ABRT, ERR_CONN, ERR_VLAN, ERR_RTE, ERR_NEIGHBOR, ERR_USE, ERR_PORT, ERR_IO, ERR_EXPIRED, ERR_REJECT, ERR_MORE_DATA, ERR_NOT_FOUND, ERR_HUD_ABORT, ERR_HUD_TEARDOWN, ERR_INPROGRESS, ERR_MCP, ERR_DB, ERR_TCL, ERR_DL, ERR_ISCONNECTED, ERR_HA_UNIT_NOT_ACTIVE, ERR_NOTINPROGRESS, ERR_TYPE, ERR_VERSION, ERR_INIT, ERR_UNKNOWN, ERR_NOT_SUPPORTED, ERR_LICENSE, ERR_ALIGN, ERR_TIMEOUT, ERR_ENCAP_FAILED, ERR_VERBOTEN, ERR_TUNNEL, ERR_WOULDBLOCK, ERR_OPENSSLRNG, ERR_RETRY, ERR_DUPLICATE_ENTRY, ERR_UNRECOVERABLE, ERR_LAST} --- enum {ERR_OK, ERR_MEM, ERR_BUF, ERR_V... (rax)
  #4a unwind     : clear --- TMM imports no unwind initiator (P8 holds)
  #4b frame      : no LSDA --- plain frame, nothing for an unwind to process here
  VERDICT        : ADMIT
  bound fexit/http_parse_client_headers -> 0xccc600 (+4 pad), full build c3b81927dfdcc31137cd8212b5e23bb85677a06c
  Run PREVAIL on these final bytes, then sign.
  admit    exit_probe  (fexit/http_parse_client_headers)  --- fexit safe (rax-return + unwind-clear)
  verified exit_probe  (fexit/http_parse_client_headers)  budget ~34 cycles  reloc 1  SIGNED
  bound fentry/http_parse_client_headers -> 0xccc600 (+4 pad), full build c3b81927dfdcc31137cd8212b5e23bb85677a06c
  Run PREVAIL on these final bytes, then sign.
  verified http_observe  (fentry/http_parse_client_headers)  budget ~61 cycles  reloc 2  SIGNED
  bound fentry/device_poll -> 0x40c000 (+4 pad), full build c3b81927dfdcc31137cd8212b5e23bb85677a06c
  Run PREVAIL on these final bytes, then sign.
  verified poll_probe  (fentry/device_poll)  budget ~22 cycles  reloc 1  SIGNED
  bound fentry/http_parse_client_headers -> 0xccc600 (+4 pad), full build c3b81927dfdcc31137cd8212b5e23bb85677a06c
  Run PREVAIL on these final bytes, then sign.
  verified probe_parser  (fentry/http_parse_client_headers)  budget ~29 cycles  reloc 1  SIGNED
  bound fentry/http_parse_client_headers -> 0xccc600 (+4 pad), full build c3b81927dfdcc31137cd8212b5e23bb85677a06c
  Run PREVAIL on these final bytes, then sign.
  verified shield_nullguard  (fentry/http_parse_client_headers)  budget ~31 cycles  reloc 1  SIGNED
  bound fentry/http_parse_client_headers -> 0xccc600 (+4 pad), full build c3b81927dfdcc31137cd8212b5e23bb85677a06c
  Run PREVAIL on these final bytes, then sign.
  verified trace_stream  (fentry/http_parse_client_headers)  budget ~71 cycles  reloc 2  SIGNED

  13 verified and emitted, 1 correctly refused, 0 unexpected
  13 program(s) stripped of .BTF/.BTF.ext --- they carry no type
    information and the appliance needs none to load them.
  of those, 9 had field offsets RESOLVED HERE and baked for one build;
    the rest read no fields, so there was nothing to resolve.
    The signature therefore covers the bytes that will actually run.
  Next: bnk-bake-tools.sh (it reads $CTX/shields, default $HOME/lstools/shields)
  receipt: package/build_id matches (c3b81927dfdcc31137cd8212b5e23bb85677a06c)
exit-admit: http_parse_client_headers
  #5 return type : enum {ERR_OK, ERR_MEM, ERR_BUF, ERR_VAL, ERR_ARG, ERR_BOUNDS, ERR_TOOBIG, ERR_ABRT, ERR_CONN, ERR_VLAN, ERR_RTE, ERR_NEIGHBOR, ERR_USE, ERR_PORT, ERR_IO, ERR_EXPIRED, ERR_REJECT, ERR_MORE_DATA, ERR_NOT_FOUND, ERR_HUD_ABORT, ERR_HUD_TEARDOWN, ERR_INPROGRESS, ERR_MCP, ERR_DB, ERR_TCL, ERR_DL, ERR_ISCONNECTED, ERR_HA_UNIT_NOT_ACTIVE, ERR_NOTINPROGRESS, ERR_TYPE, ERR_VERSION, ERR_INIT, ERR_UNKNOWN, ERR_NOT_SUPPORTED, ERR_LICENSE, ERR_ALIGN, ERR_TIMEOUT, ERR_ENCAP_FAILED, ERR_VERBOTEN, ERR_TUNNEL, ERR_WOULDBLOCK, ERR_OPENSSLRNG, ERR_RETRY, ERR_DUPLICATE_ENTRY, ERR_UNRECOVERABLE, ERR_LAST} --- enum {ERR_OK, ERR_MEM, ERR_BUF, ERR_V... (rax)
  #4a unwind     : clear --- TMM imports no unwind initiator (P8 holds)
  #4b frame      : no LSDA --- plain frame, nothing for an unwind to process here
  VERDICT        : ADMIT
  bound fentry/http_parse_client_headers -> 0xccc600 (+4 pad), full build c3b81927dfdcc31137cd8212b5e23bb85677a06c
  Run PREVAIL on these final bytes, then sign.
PASS: fentry/http_parse_client_headers/check_ctx_live (terminates within 0 loop iterations)
  signed /home/starin/catalog-probes/ctx96-fentry.bpf.o
    hook          : http_parse_client_headers
    prog sha256   : 72c2467011262d774521040307f74e6f77637aee3dcd01345e9ab0973d9393d2
    mode ceiling  : monitor
    ctx abi       : 3  (from shield_abi.h)
    builds        : 0xc3b81927 .. 0xc3b81927
    out           : /home/starin/catalog-probes/ctx96-fentry.bpf.sig  (112-byte binding + 64-byte signature)
72c2467011262d774521040307f74e6f77637aee3dcd01345e9ab0973d9393d2  /home/starin/catalog-probes/ctx96-fentry.bpf.o
4f7231235fab190fc3477bb0d4de7f92e588c2610e80c391972707d0d053cf2e  /home/starin/catalog-probes/ctx96-fentry.bpf.sig
exit-admit: http_parse_client_headers
  #5 return type : enum {ERR_OK, ERR_MEM, ERR_BUF, ERR_VAL, ERR_ARG, ERR_BOUNDS, ERR_TOOBIG, ERR_ABRT, ERR_CONN, ERR_VLAN, ERR_RTE, ERR_NEIGHBOR, ERR_USE, ERR_PORT, ERR_IO, ERR_EXPIRED, ERR_REJECT, ERR_MORE_DATA, ERR_NOT_FOUND, ERR_HUD_ABORT, ERR_HUD_TEARDOWN, ERR_INPROGRESS, ERR_MCP, ERR_DB, ERR_TCL, ERR_DL, ERR_ISCONNECTED, ERR_HA_UNIT_NOT_ACTIVE, ERR_NOTINPROGRESS, ERR_TYPE, ERR_VERSION, ERR_INIT, ERR_UNKNOWN, ERR_NOT_SUPPORTED, ERR_LICENSE, ERR_ALIGN, ERR_TIMEOUT, ERR_ENCAP_FAILED, ERR_VERBOTEN, ERR_TUNNEL, ERR_WOULDBLOCK, ERR_OPENSSLRNG, ERR_RETRY, ERR_DUPLICATE_ENTRY, ERR_UNRECOVERABLE, ERR_LAST} --- enum {ERR_OK, ERR_MEM, ERR_BUF, ERR_V... (rax)
  #4a unwind     : clear --- TMM imports no unwind initiator (P8 holds)
  #4b frame      : no LSDA --- plain frame, nothing for an unwind to process here
  VERDICT        : ADMIT
  bound fexit/http_parse_client_headers -> 0xccc600 (+4 pad), full build c3b81927dfdcc31137cd8212b5e23bb85677a06c
  Run PREVAIL on these final bytes, then sign.
PASS: fexit/http_parse_client_headers/check_ctx_live (terminates within 0 loop iterations)
  signed /home/starin/catalog-probes/ctx96-fexit.bpf.o
    hook          : http_parse_client_headers
    prog sha256   : ba6eabab2f9640bae33285de576ce5b9418851a5508b56f0439af96b8f2328b5
    mode ceiling  : monitor
    ctx abi       : 3  (from shield_abi.h)
    builds        : 0xc3b81927 .. 0xc3b81927
    out           : /home/starin/catalog-probes/ctx96-fexit.bpf.sig  (112-byte binding + 64-byte signature)
ba6eabab2f9640bae33285de576ce5b9418851a5508b56f0439af96b8f2328b5  /home/starin/catalog-probes/ctx96-fexit.bpf.o
8df179aff4cc69535c239274ba5ce4a7950cd794b5165374d7952b709bdc4134  /home/starin/catalog-probes/ctx96-fexit.bpf.sig
  signed /home/starin/catalog-probes/wrong-build.bpf.o
    hook          : http_parse_client_headers
    prog sha256   : 56939a6a54fca414ed1a3f385c510ab7f2284a092a4a583a0b5bf52aa8ed3e29
    mode ceiling  : monitor
    ctx abi       : 3  (from shield_abi.h)
    builds        : 0xc3b81927 .. 0xc3b81927
    out           : /home/starin/catalog-probes/wrong-build.bpf.sig  (112-byte binding + 64-byte signature)
  signed /home/starin/catalog-probes/wrong-kind.bpf.o
    hook          : http_parse_client_headers
    prog sha256   : e6a0ed64c2cc96eab5f13e3d7f18f50f9d56c4e15790c7388a0ff6ce780a165f
    mode ceiling  : monitor
    ctx abi       : 3  (from shield_abi.h)
    builds        : 0xc3b81927 .. 0xc3b81927
    out           : /home/starin/catalog-probes/wrong-kind.bpf.sig  (112-byte binding + 64-byte signature)
  signed /home/starin/catalog-probes/wrong-address.bpf.o
    hook          : http_parse_client_headers
    prog sha256   : df7770642d7d77d7723565771f9c38df7cc89bd5f69abfc1ac03f6be77efc2de
    mode ceiling  : monitor
    ctx abi       : 3  (from shield_abi.h)
    builds        : 0xc3b81927 .. 0xc3b81927
    out           : /home/starin/catalog-probes/wrong-address.bpf.sig  (112-byte binding + 64-byte signature)
NEGATIVE TEST ONLY: /home/starin/catalog-probes/wrong-build.bpf.o
NEGATIVE TEST ONLY: /home/starin/catalog-probes/wrong-kind.bpf.o
NEGATIVE TEST ONLY: /home/starin/catalog-probes/wrong-address.bpf.o
NEGATIVE TEST ONLY: /home/starin/catalog-probes/tampered-target.bpf.o
Context probes verified and signed for c3b81927dfdcc31137cd8212b5e23bb85677a06c in /home/starin/catalog-probes
=== 1. the DEB pair --- the index must come from what SHIPS, not the build tree
  runtime   : tmm_10.207-3.HEAD.b13f8f034e_amd64.deb
  debuginfo : tmm-debuginfo_10.207-3.HEAD.b13f8f034e_amd64.deb

=== 1b. the receipt --- did packaging actually run for THESE DEBs?
  receipt: package/build_id matches (c3b81927dfdcc31137cd8212b5e23bb85677a06c)

=== 1b. derive THIS build's BTF and embed it into the runtime binary (.BTF section)
  BTF: NOT embedded (the default). 6.5M kept on the build
       box only; the shipped ELF carries no type information at all.
       EVERY program must be relocated at sign time --- bnk-build-programs.sh
       does that by default here. A program that was not will be REFUSED at
       load, saying so. Set LS_EMBED_BTF=1 for the old behaviour.

=== 2. generate the index (mk_hook_map.py checks the pair's build ids agree)
  reloc coverage: 99.7% (73729 of 73980 functions in .text)
  index         : /home/starin/lstools/hook-index.tsv  (71310 symbols)
  build id      : c3b81927dfdcc31137cd8212b5e23bb85677a06c
  ARMABLE TOTAL : 71,310
  padded        : 41,911   <- armable via the compiler's nops
    pad after endbr64 : 37,209
    pad at entry      : 4,702   (no endbr64: direct-call-only, clones)
  armable by ls_arm TODAY: 37,209  --- it requires endbr64 and arms at entry+4;
    the other 4,702 need ls_arm to honour pad_offset (it refuses them now).
  no pad        : 32,183   <- other builds (OpenSSL etc.), inlined, folded
    of those, DISPLACEABLE : 29,399  <- armable without a pad,
      by copying their leading bytes verbatim. This is the population
      pad-based arming can never reach --- OpenSSL included.
  padded but NOT relocatable : 0  (armable via the pad anyway;
      recorded so a future displacement path refuses them)
    of which start with a call: 1  (not armed --- a file has no armed state)
  outside .text : 2
  build id  : c3b81927dfdcc31137cd8212b5e23bb85677a06c
  symbols   : 71310

=== 2b. generate the SIGNATURE index --- one DWARF walk for every function
    debuginfo : tmm64.no_pgo.debug  (of 2 candidates, selected by build id c3b81927dfdc)
    build id  : c3b81927dfdcc31137cd8212b5e23bb85677a06c
    functions : 63810 with at least one parameter
    parameters: 159987
    written   : /home/starin/lstools/signatures.tsv (6467910 bytes)
  build id  : c3b81927dfdcc31137cd8212b5e23bb85677a06c (matches the hook index)
wrote /home/starin/lstools/types.json: 8784 structs
  ctx offsets: no ls_ctx_parse_offsets.h in the staged tree.
               If this TMM was built with the parse ctx builder then that build could
               not have compiled --- the header has no fallback offsets by design. If it
               was not, there is nothing to check here. Not guessing which.


=== 2c. is the staged tree the one we think it is?
  staged tree has no git history (a tar extract), so provenance cannot be read from it.
  Verifying the tools the image will carry are the ones staged:
  ls-load.py   : can send signatures

=== 3. assemble the build context
  ls_drain  : rebuilt from source (837880 bytes, static)
  tmmtop    : staged (23952 bytes, parses)
  context   : /home/starin/lstools  (ls_drain 837880 B)

=== 4. build the layer
  #15 exporting manifest list sha256:96336e4cd08c72b6180f22ae4f72e179907c4d419fc0af502bc261fd78ae659d 0.0s done
  #15 naming to docker.io/library/tmm:CATALOGFREE-20260924
  #15 naming to docker.io/library/tmm:CATALOGFREE-20260924 done
  #15 unpacking to docker.io/library/tmm:CATALOGFREE-20260924
  #15 unpacking to docker.io/library/tmm:CATALOGFREE-20260924 0.5s done
  #15 DONE 3.5s

=== 5. VERIFY THE RESULT, from inside the image --- not from this script's beliefs
ls-tools: runtime identity matches, build c3b81927dfdcc31137cd8212b5e23bb85677a06c
ls-tools: authenticated per-program targets; no bulk catalogs in /usr/share/ls
PASS metadata layer audit: 16 layers, 7504 regular files, 1318 ELF files; no named bulk catalogs or ELF BTF

=== 5b. does the binary TRUST the key the programs beside it were SIGNED with?
  trusted key present in the binary: 1
  MATCH --- this image's loader will accept programs signed with this key (loaded at runtime)

=== 6. record what this stage produced
  receipt: bake recorded (3 field(s)) in /home/starin/lstools/pipeline-receipt

  Next: bnk-ship-image.sh verify tmm:CATALOGFREE-20260924 'shape disagrees with the'
        docker save tmm:CATALOGFREE-20260924 | ssh -i ~/.ssh/id_datpush <datkube> 'cat > /tmp/tmm:CATALOGFREE-20260924.tar'
