make: Entering directory '/home/starin/eob-tmm-staged/substrate'
Ubuntu clang version 18.1.3 (1ubuntu1)
Target: x86_64-pc-linux-gnu
Thread model: posix
InstalledDir: /usr/bin
gcc (Ubuntu 13.3.0-6ubuntu2~24.04.1) 13.3.0
Copyright (C) 2023 Free Software Foundation, Inc.
This is free software; see the source for copying conditions.  There is NO
warranty; not even for MERCHANTABILITY or FITNESS FOR A PARTICULAR PURPOSE.

c900ed9faf1d41358a7ea9217ccd0b64a4ee8d5d
06769f7b508214e63b97905d275920f7e90182fa
SHA256 95e7aa5da2a8fc6951b1b659888358004a28b7af15088b025b0d993a2122f448 /home/starin/eob-tmm-staged/substrate/check_embedded.py
SHA256 21f94f72bdc7cf8ccd499ac6a762ea80ef37a0feb5f91781ff3017a948cc2b58 /home/starin/eob-tmm-staged/substrate/check_embedded.c
SHA256 f125c6ff4d2f33558e98fa7ecbc7104ea1e4677cdee1e5f471b11711b936b921 /home/starin/eob-tmm-staged/substrate/gen_type_catalog.py
SHA256 8a1d8a2d0cf99b85fe500a4eeb21482a23e3c73676077334427f5695401d4a23 /home/starin/eob-tmm-staged/substrate/tmmtrace.py
SHA256 659aec53fe1d2b31710bf9cf82080994c43d3641b50ab96814358a2880217bb9 /home/starin/eob-tmm-staged/substrate/ls_core_relo.c
SHA256 d9d84cb0c474016d7cffc31c71e62892f52c327e660248275f3e955f1b7cbea2 /home/starin/eob-tmm-staged/ebpf-verifier/bin/prevail
SHA256 340cc6bb2855db63e225cd92ce6e36704244b801469fe0571963f54f03802ff1 /home/starin/code/tmm/.ubpf/build/lib/libubpf.a
{"root":{"nested":24,"direct":88,"middle_ptr":96,"scalar":104},"middle":{"embedded":8,"ptr":56},"leaf":{"value":12,"other":16}}
PASS catalog: typedef/qualifiers, named embedding, unsupported aggregates
CASE nested fentry/fixture { args.nested.embedded.value }
target BTF: 142 types
ls_core_relocate rc=0, 3 relo(s)
wrote relocated object: /tmp/ls-embedded-l7_hhxxz/nested.baked.o
PASS native offsetof oracle: 3 relocations
PASS: fentry/fixture/tt_fixture_args_nested_48e87b (terminates within 0 loop iterations)
interpreter ok: value=123 want=123 helper_reads=1 want=1 PASS
JIT ok: value=123 want=123 helper_reads=1 want=1 PASS
interpreter read-failure: value=0 want=0 helper_reads=1 want=1 PASS
JIT read-failure: value=0 want=0 helper_reads=1 want=1 PASS
interpreter null-root: value=0 want=0 helper_reads=0 want=0 PASS
JIT null-root: value=0 want=0 helper_reads=0 want=0 PASS
interpreter ok: value=0 want=123 helper_reads=1 want=1 MISMATCH
JIT ok: value=0 want=123 helper_reads=1 want=1 MISMATCH
PASS falsifier: unrelocated offsets return the wrong value
CASE pointer-embedded fentry/fixture { args.middle_ptr.embedded.value }
target BTF: 142 types
ls_core_relocate rc=0, 3 relo(s)
wrote relocated object: /tmp/ls-embedded-l7_hhxxz/pointer-embedded.baked.o
PASS native offsetof oracle: 3 relocations
PASS: fentry/fixture/tt_fixture_args_middle_9800d9 (terminates within 0 loop iterations)
interpreter ok: value=456 want=456 helper_reads=2 want=2 PASS
JIT ok: value=456 want=456 helper_reads=2 want=2 PASS
interpreter read-failure: value=0 want=0 helper_reads=1 want=1 PASS
JIT read-failure: value=0 want=0 helper_reads=1 want=1 PASS
interpreter null-root: value=0 want=0 helper_reads=0 want=0 PASS
JIT null-root: value=0 want=0 helper_reads=0 want=0 PASS
interpreter null-pointer: value=0 want=0 helper_reads=1 want=1 PASS
JIT null-pointer: value=0 want=0 helper_reads=1 want=1 PASS
interpreter bad-pointer: value=0 want=0 helper_reads=2 want=2 PASS
JIT bad-pointer: value=0 want=0 helper_reads=2 want=2 PASS
CASE embedded-pointer fentry/fixture { args.nested.ptr.value }
target BTF: 142 types
ls_core_relocate rc=0, 3 relo(s)
wrote relocated object: /tmp/ls-embedded-l7_hhxxz/embedded-pointer.baked.o
PASS native offsetof oracle: 3 relocations
PASS: fentry/fixture/tt_fixture_args_nested_68b0b3 (terminates within 0 loop iterations)
interpreter ok: value=789 want=789 helper_reads=2 want=2 PASS
JIT ok: value=789 want=789 helper_reads=2 want=2 PASS
interpreter read-failure: value=0 want=0 helper_reads=1 want=1 PASS
JIT read-failure: value=0 want=0 helper_reads=1 want=1 PASS
interpreter null-root: value=0 want=0 helper_reads=0 want=0 PASS
JIT null-root: value=0 want=0 helper_reads=0 want=0 PASS
interpreter null-pointer: value=0 want=0 helper_reads=1 want=1 PASS
JIT null-pointer: value=0 want=0 helper_reads=1 want=1 PASS
interpreter bad-pointer: value=0 want=0 helper_reads=2 want=2 PASS
JIT bad-pointer: value=0 want=0 helper_reads=2 want=2 PASS
CASE pointer-only fentry/fixture { args.direct.value }
target BTF: 142 types
ls_core_relocate rc=0, 2 relo(s)
wrote relocated object: /tmp/ls-embedded-l7_hhxxz/pointer-only.baked.o
PASS native offsetof oracle: 2 relocations
PASS: fentry/fixture/tt_fixture_args_direct_200f1c (terminates within 0 loop iterations)
interpreter ok: value=789 want=789 helper_reads=2 want=2 PASS
JIT ok: value=789 want=789 helper_reads=2 want=2 PASS
interpreter read-failure: value=0 want=0 helper_reads=1 want=1 PASS
JIT read-failure: value=0 want=0 helper_reads=1 want=1 PASS
interpreter null-root: value=0 want=0 helper_reads=0 want=0 PASS
JIT null-root: value=0 want=0 helper_reads=0 want=0 PASS
interpreter null-pointer: value=0 want=0 helper_reads=1 want=1 PASS
JIT null-pointer: value=0 want=0 helper_reads=1 want=1 PASS
interpreter bad-pointer: value=0 want=0 helper_reads=2 want=2 PASS
JIT bad-pointer: value=0 want=0 helper_reads=2 want=2 PASS
CASE scalar-field fentry/fixture { args.scalar }
target BTF: 142 types
ls_core_relocate rc=0, 1 relo(s)
wrote relocated object: /tmp/ls-embedded-l7_hhxxz/scalar-field.baked.o
PASS native offsetof oracle: 1 relocations
PASS: fentry/fixture/tt_fixture_args_scalar_cf4ee7 (terminates within 0 loop iterations)
interpreter ok: value=55 want=55 helper_reads=1 want=1 PASS
JIT ok: value=55 want=55 helper_reads=1 want=1 PASS
interpreter read-failure: value=0 want=0 helper_reads=1 want=1 PASS
JIT read-failure: value=0 want=0 helper_reads=1 want=1 PASS
CASE scalar-arg fentry/fixture { arg2 }
PASS: fentry/fixture/tt_fixture_arg2_4f60fd (terminates within 0 loop iterations)
interpreter ok: value=42 want=42 helper_reads=0 want=0 PASS
JIT ok: value=42 want=42 helper_reads=0 want=0 PASS
CASE explicit-arg fentry/fixture { arg1.nested.embedded.other }
target BTF: 142 types
ls_core_relocate rc=0, 3 relo(s)
wrote relocated object: /tmp/ls-embedded-l7_hhxxz/explicit-arg.baked.o
PASS native offsetof oracle: 3 relocations
PASS: fentry/fixture/tt_fixture_arg1_nested_7a6333 (terminates within 0 loop iterations)
interpreter ok: value=17 want=17 helper_reads=1 want=1 PASS
JIT ok: value=17 want=17 helper_reads=1 want=1 PASS
interpreter read-failure: value=0 want=0 helper_reads=1 want=1 PASS
JIT read-failure: value=0 want=0 helper_reads=1 want=1 PASS
CASE multiple fentry/fixture /args.nested.embedded.value == 123 && args.nested.embedded.other == 17/ { count() }
target BTF: 142 types
ls_core_relocate rc=0, 6 relo(s)
wrote relocated object: /tmp/ls-embedded-l7_hhxxz/multiple.baked.o
PASS native offsetof oracle: 6 relocations
PASS: fentry/fixture/tt_fixture_count_f96087 (terminates within 0 loop iterations)
interpreter ok: value=1 want=1 helper_reads=2 want=2 PASS
JIT ok: value=1 want=1 helper_reads=2 want=2 PASS
interpreter read-failure: value=0 want=0 helper_reads=1 want=1 PASS
JIT read-failure: value=0 want=0 helper_reads=1 want=1 PASS
PASS refusal: args.nested.embedded.flag 'leaf.flag' is a BITFIELD (1 bit(s) at bit 16 of a u32 unit at byte 16) --- refusing to read it as a scalar. A plain read returns the whole unit with the flags packed beside it, and because this field is byte-aligned the relocator does NOT catch it: the read succeeds and the value is silently wrong. Correct support needs clang's bitfield relocation kinds (byte size + left/right shift) in ls_core_relo.c. Until then, predicate on a non-bitfield field.
PASS refusal: args.nested.embedded.array could not resolve path 'nested.embedded.array' at fixture (leaf has no scalar 'array'; leaf has no scalar 'array'). Needs pointer/embedded targets in the catalog --- regenerate types.json with gen_type_catalog.py
PASS refusal: args.nested.embedded.unsupported.x could not resolve path 'nested.embedded.unsupported.x' at fixture (leaf has no pointer or named embedded struct field 'unsupported'; leaf has no pointer or named embedded struct field 'unsupported'). Needs pointer/embedded targets in the catalog --- regenerate types.json with gen_type_catalog.py
PASS refusal: args.nested.embedded.anonymous.hidden could not resolve path 'nested.embedded.anonymous.hidden' at fixture (leaf has no pointer or named embedded struct field 'anonymous'; leaf has no pointer or named embedded struct field 'anonymous'). Needs pointer/embedded targets in the catalog --- regenerate types.json with gen_type_catalog.py
PASS refusal: args.nested.missing.value could not resolve path 'nested.missing.value' at fixture (middle has no pointer or named embedded struct field 'missing'; middle has no pointer or named embedded struct field 'missing'). Needs pointer/embedded targets in the catalog --- regenerate types.json with gen_type_catalog.py
PASS refusal: args.nested.embedded could not resolve path 'nested.embedded' at fixture (middle has no scalar 'embedded'; middle has no scalar 'embedded'). Needs pointer/embedded targets in the catalog --- regenerate types.json with gen_type_catalog.py
PASS legacy pointer-only catalog
PASS ambiguous refusal: ambiguous pointer/embedded metadata for root.nested
PASS cycle refusal: incomplete or cyclic embedded struct metadata: root
PASS conflict refusal: conflicting field types for root.nested
PASS bit-zero refusal: 'bit_zero.flag' is a BITFIELD (1 bit(s) at bit 0 of a u32 unit at byte 0) --- refusing to read it as a scalar. A plain read returns the whole unit with the flags packed beside it, and because this field is byte-aligned the relocator does NOT catch it: the read succeeds and the value is silently wrong. Correct support needs clang's bitfield relocation kinds (byte size + left/right shift) in ls_core_relo.c. Until then, predicate on a non-bitfield field.
PASS P17 fixtures: native offsets/values, interpreter + JIT, pinned PREVAIL; not live TMM
make: Leaving directory '/home/starin/eob-tmm-staged/substrate'
